$ NODE_OPTIONS='--max-old-space-size=4096' next dev -p 3000
▲ Next.js 16.1.3 (Turbopack)
- Local:         http://localhost:3000
- Network:       http://21.0.21.205:3000
- Environments: .env

✓ Starting...
✓ Ready in 657ms
 GET / 200 in 965ms (compile: 816ms, render: 149ms)
 GET / 200 in 41ms (compile: 3ms, render: 38ms)
 GET /manifest.json 404 in 99ms (compile: 44ms, render: 55ms)
